apiVersion: v1
kind: Service
metadata:
  annotations:
    kfctl.kubeflow.io/kfdef-instance: operator.kubeflow
  labels:
    app: fake
  name: fake-service
  namespace: kubeflow
spec:
  ports:
  - port: 9000
    protocol: TCP
    targetPort: 9000
  selector:
    app: fake
